../Core/Src/main.c:67:6:delay	16	static
../Core/Src/main.c:74:6:Set_Pin_Output	32	static
../Core/Src/main.c:83:6:Set_Pin_Input	32	static
../Core/Src/main.c:94:9:DS18B20_Start	16	static
../Core/Src/main.c:112:6:DS18B20_Write	24	static
../Core/Src/main.c:144:9:DS18B20_Read	16	static
../Core/Src/main.c:173:5:main	8	static
../Core/Src/main.c:237:6:SystemClock_Config	72	static
../Core/Src/main.c:277:13:MX_TIM4_Init	32	static
../Core/Src/main.c:322:13:MX_GPIO_Init	32	static
../Core/Src/main.c:350:6:Error_Handler	4	static,ignoring_inline_asm
