../Core/Src/main.c:118:10:MAP	24	static
../Core/Src/main.c:128:6:pwmOut	16	static
../Core/Src/main.c:144:6:pwmOut2	16	static
../Core/Src/main.c:168:5:main	8	static
../Core/Src/main.c:266:6:SystemClock_Config	88	static
../Core/Src/main.c:312:13:MX_TIM2_Init	64	static
../Core/Src/main.c:383:13:MX_TIM3_Init	56	static
../Core/Src/main.c:432:13:MX_TIM4_Init	56	static
../Core/Src/main.c:481:13:MX_GPIO_Init	48	static
../Core/Src/main.c:514:6:StartDefaultTask	16	static
../Core/Src/main.c:559:6:StartTask02	16	static
../Core/Src/main.c:582:6:StartTask03	64	static
../Core/Src/main.c:776:6:Error_Handler	4	static,ignoring_inline_asm
