../Core/Src/main.c:98:5:MPU6050_TEST	16	static
../Core/Src/main.c:113:5:MPU6050_TEST2	16	static
../Core/Src/main.c:129:10:MAP	24	static
../Core/Src/main.c:140:5:main	32	static
../Core/Src/main.c:267:6:SystemClock_Config	88	static
../Core/Src/main.c:314:13:MX_I2C1_Init	8	static
../Core/Src/main.c:348:13:MX_I2C2_Init	8	static
../Core/Src/main.c:382:13:MX_I2C3_Init	8	static
../Core/Src/main.c:416:13:MX_TIM1_Init	56	static
../Core/Src/main.c:466:13:MX_TIM4_Init	48	static
../Core/Src/main.c:519:13:MX_USART2_UART_Init	8	static
../Core/Src/main.c:552:13:MX_GPIO_Init	56	static
../Core/Src/main.c:585:6:Error_Handler	4	static,ignoring_inline_asm
