../Core/Src/main.c:75:9:readMemory	24	static
../Core/Src/main.c:139:9:writeMemory	24	static
../Core/Src/main.c:228:9:readCoils	24	static
../Core/Src/main.c:256:9:writeCoils	24	static
../Core/Src/main.c:296:9:readDigitalIn	24	static
../Core/Src/main.c:325:9:readAnalogIn	24	static
../Core/Src/main.c:355:9:returnAnswer	16	static
../Core/Src/main.c:372:6:FabrikaAyarlari	4	static
../Core/Src/main.c:392:5:main	16	static
../Core/Src/main.c:474:6:SystemClock_Config	72	static
../Core/Src/main.c:514:13:MX_USART1_UART_Init	8	static
../Core/Src/main.c:547:13:MX_GPIO_Init	40	static
../Core/Src/main.c:593:6:Error_Handler	4	static,ignoring_inline_asm
