../Core/Inc/_canard_cavl.h:80:21:cavlFindExtremum	24	static
../Core/Inc/_canard_cavl.h:96:20:cavlPrivateRotate	24	static
../Core/Inc/_canard_cavl.h:117:21:cavlPrivateAdjustBalance	32	static
../Core/Inc/_canard_cavl.h:179:21:cavlPrivateRetraceOnGrowth	32	static
../Core/Inc/_canard_cavl.h:199:21:cavlSearch	48	static
../Core/Inc/_canard_cavl.h:242:20:cavlRemove	40	static
../Core/Src/cancard.c:74:32:avlTrivialFactory	16	static
../Core/Src/cancard.c:112:28:crcAddByte	16	static
../Core/Src/cancard.c:135:28:crcAdd	40	static
../Core/Src/cancard.c:169:25:txMakeMessageSessionSpecifier	24	static
../Core/Src/cancard.c:177:25:txMakeServiceSessionSpecifier	24	static
../Core/Src/cancard.c:191:23:adjustPresentationLayerMTU	24	static
../Core/Src/cancard.c:210:24:txMakeCANID	48	static
../Core/Src/cancard.c:277:24:txMakeTailByte	24	static
../Core/Src/cancard.c:289:23:txRoundFramePayloadSizeUp	24	static
../Core/Src/cancard.c:299:24:txAllocateQueueItem	32	static
../Core/Src/cancard.c:327:23:txAVLPredicate	24	static
../Core/Src/cancard.c:337:24:txPushSingleFrame	64	static
../Core/Src/cancard.c:384:24:txGenerateMultiFrameChain	88	static
../Core/Src/cancard.c:484:24:txPushMultiFrame	88	static
../Core/Src/cancard.c:587:21:rxTryParseFrame	40	static
../Core/Src/cancard.c:653:21:rxInitTransferMetadataFromFrame	16	static
../Core/Src/cancard.c:667:24:rxComputeTransferIDDifference	24	static
../Core/Src/cancard.c:680:23:rxSessionWritePayload	32	static
../Core/Src/cancard.c:732:21:rxSessionRestart	16	static
../Core/Src/cancard.c:746:23:rxSessionAcceptFrame	40	static
../Core/Src/cancard.c:820:21:rxSessionSynchronize	40	static
../Core/Src/cancard.c:863:23:rxSessionUpdate	40	static
../Core/Src/cancard.c:901:23:rxAcceptFrame	64	static
../Core/Src/cancard.c:984:1:rxSubscriptionPredicateOnPortID	24	static
../Core/Src/cancard.c:995:1:rxSubscriptionPredicateOnStruct	16	static
../Core/Src/cancard.c:1015:16:canardInit	64	static
../Core/Src/cancard.c:1029:15:canardTxInit	56	static
../Core/Src/cancard.c:1041:9:canardTxPush	64	static
../Core/Src/cancard.c:1088:26:canardTxPeek	24	static
../Core/Src/cancard.c:1100:20:canardTxPop	24	static
../Core/Src/cancard.c:1119:8:canardRxAccept	72	static
../Core/Src/cancard.c:1171:8:canardRxSubscribe	40	static
../Core/Src/cancard.c:1210:8:canardRxUnsubscribe	40	static
../Core/Src/cancard.c:1241:8:canardRxGetSubscription	40	static
../Core/Src/cancard.c:1270:14:canardMakeFilterForSubject	24	static
../Core/Src/cancard.c:1280:14:canardMakeFilterForService	24	static
../Core/Src/cancard.c:1292:14:canardMakeFilterForServices	24	static
../Core/Src/cancard.c:1302:14:canardConsolidateFilters	32	static
