../Core/Src/main.c:131:6:Set_PWM_Duty	24	static
../Core/Src/main.c:136:6:Set_PWM_Duty2	24	static
../Core/Src/main.c:141:6:Set_PWM_Duty3	24	static
../Core/Src/main.c:149:7:canardAllocate	16	static
../Core/Src/main.c:155:6:canardFree	16	static
../Core/Src/main.c:192:6:receiveMessage	16	static
../Core/Src/main.c:200:6:sendMessage	80	static
../Core/Src/main.c:233:6:cleanTxQueue	40	static
../Core/Src/main.c:286:6:sendUAVCANMessage	24	static
../Core/Src/main.c:319:6:USB_LP_CAN1_RX0_IRQHandler	16	static
../Core/Src/main.c:361:5:main	64	static
../Core/Src/main.c:495:6:SystemClock_Config	88	static
../Core/Src/main.c:542:13:MX_ADC1_Init	24	static
../Core/Src/main.c:589:13:MX_CAN_Init	8	static
../Core/Src/main.c:641:13:MX_I2C1_Init	8	static
../Core/Src/main.c:675:13:MX_TIM1_Init	80	static
../Core/Src/main.c:748:13:MX_TIM2_Init	48	static
../Core/Src/main.c:797:13:MX_USART2_UART_Init	8	static
../Core/Src/main.c:830:13:MX_GPIO_Init	40	static
../Core/Src/main.c:884:6:Error_Handler	4	static,ignoring_inline_asm
