../Core/Src/main.c:104:10:MAP	24	static
../Core/Src/main.c:110:6:pwmOut	16	static
../Core/Src/main.c:128:6:pwmOut2	16	static
../Core/Src/main.c:148:5:main	8	static
../Core/Src/main.c:251:6:SystemClock_Config	88	static
../Core/Src/main.c:297:13:MX_TIM1_Init	56	static
../Core/Src/main.c:347:13:MX_TIM2_Init	56	static
../Core/Src/main.c:396:13:MX_TIM4_Init	48	static
../Core/Src/main.c:457:13:MX_GPIO_Init	48	static
../Core/Src/main.c:494:6:StartDefaultTask	16	static
../Core/Src/main.c:512:6:StartTask02	40	static
../Core/Src/main.c:552:6:StartTask03	40	static
../Core/Src/main.c:589:6:Error_Handler	4	static,ignoring_inline_asm
