../Core/Src/main.c:129:6:Set_PWM_Duty	24	static
../Core/Src/main.c:134:6:Set_PWM_Duty2	24	static
../Core/Src/main.c:139:6:Set_PWM_Duty3	24	static
../Core/Src/main.c:147:7:canardAllocate	16	static
../Core/Src/main.c:153:6:canardFree	16	static
../Core/Src/main.c:160:6:receiveCANMessage	184	static
../Core/Src/main.c:190:6:sendMessage	80	static
../Core/Src/main.c:223:6:cleanTxQueue	40	static
../Core/Src/main.c:276:6:sendUAVCANMessage	16	static
../Core/Src/main.c:284:6:receiveUAVCANMessage	656	static
../Core/Src/main.c:362:5:main	64	static
../Core/Src/main.c:629:6:SystemClock_Config	88	static
../Core/Src/main.c:676:13:MX_ADC1_Init	24	static
../Core/Src/main.c:723:13:MX_CAN_Init	8	static
../Core/Src/main.c:760:13:MX_I2C1_Init	8	static
../Core/Src/main.c:794:13:MX_TIM1_Init	80	static
../Core/Src/main.c:867:13:MX_TIM2_Init	48	static
../Core/Src/main.c:916:13:MX_USART2_UART_Init	8	static
../Core/Src/main.c:949:13:MX_GPIO_Init	40	static
../Core/Src/main.c:1003:6:Error_Handler	4	static,ignoring_inline_asm
